============================================
VTE GNN Overnight Training Pipeline
Start: Wed Jun 10 04:53:25     2026
Log: logs/overnight_20260610_045325.log
============================================

[1/3] Generating PCA features (768d -> 128d) + Node2Vec (128d)...
Loading data...
Building summaries...
82644 summaries built
Loading PubMedBERT...
Loading weights:   0%|          | 0/199 [00:00<?, ?it/s]Loading weights: 100%|¨€¨€¨€¨€¨€¨€¨€¨€¨€¨€| 199/199 [00:00<00:00, 48397.69it/s]
[transformers] [1mBertModel LOAD REPORT[0m from: microsoft/BiomedNLP-PubMedBERT-base-uncased-abstract-fulltext
Key                                        | Status     |  | 
-------------------------------------------+------------+--+-
cls.predictions.bias                       | UNEXPECTED |  | 
cls.predictions.transform.LayerNorm.weight | UNEXPECTED |  | 
cls.seq_relationship.weight                | UNEXPECTED |  | 
cls.predictions.decoder.bias               | UNEXPECTED |  | 
cls.predictions.decoder.weight             | UNEXPECTED |  | 
cls.predictions.transform.dense.bias       | UNEXPECTED |  | 
cls.predictions.transform.dense.weight     | UNEXPECTED |  | 
cls.seq_relationship.bias                  | UNEXPECTED |  | 
cls.predictions.transform.LayerNorm.bias   | UNEXPECTED |  | 

Notes:
- UNEXPECTED:	can be ignored when loading from different task/architecture; not ok if you expect identical arch.
Encoding 82644 entities...
Traceback (most recent call last):
  File "<string>", line 32, in <module>
  File "C:\Users\Admin\AppData\Local\Programs\Python\Python312\Lib\site-packages\torch\utils\_contextlib.py", line 124, in decorate_context
    return func(*args, **kwargs)
           ^^^^^^^^^^^^^^^^^^^^^
  File "D:\JY\work\my work\ÐÂË¼Â·\vte_gnn_target_discovery\data\node_features.py", line 192, in encode_batch
    return torch.cat(all_embeddings, dim=0)
           ^^^^^^^^^^^^^^^^^^^^^^^^^^^^^^^^
ValueError: torch.cat(): expected a non-empty list of Tensors

[2/3] Training TemperedHGT 100 epochs...
Traceback (most recent call last):
  File "<string>", line 8, in <module>
  File "C:\Users\Admin\AppData\Local\Programs\Python\Python312\Lib\site-packages\torch\serialization.py", line 1530, in load
    with _open_file_like(f, "rb") as opened_file:
         ^^^^^^^^^^^^^^^^^^^^^^^^
  File "C:\Users\Admin\AppData\Local\Programs\Python\Python312\Lib\site-packages\torch\serialization.py", line 795, in _open_file_like
    return _open_file(name_or_buffer, mode)
           ^^^^^^^^^^^^^^^^^^^^^^^^^^^^^^^^
  File "C:\Users\Admin\AppData\Local\Programs\Python\Python312\Lib\site-packages\torch\serialization.py", line 776, in __init__
    super().__init__(open(name, mode))  # noqa: SIM115
                     ^^^^^^^^^^^^^^^^
FileNotFoundError: [Errno 2] No such file or directory: 'checkpoints/overnight/features_256d.pt'

[3/3] Harvesting Figure data...
